
> react-typescript-starter@0.1.0 test
> react-scripts test --coverage

Browserslist: caniuse-lite is outdated. Please run:
  npx browserslist@latest --update-db
  Why you should do it regularly: https://github.com/browserslist/browserslist#browsers-data-updating
PASS src/App.test.tsx
  ✓ renders the course name somewhere (33 ms)

-----------------|---------|----------|---------|---------|-------------------
File             | % Stmts | % Branch | % Funcs | % Lines | Uncovered Line #s 
-----------------|---------|----------|---------|---------|-------------------
All files        |    1.75 |        0 |    5.26 |    1.78 |                   
 App.tsx         |     100 |      100 |     100 |     100 |                   
 Board.tsx       |       0 |        0 |       0 |       0 | 8-44              
 BoardSquare.tsx |       0 |        0 |       0 |       0 | 13-26             
 Overlay.tsx     |       0 |      100 |       0 |       0 | 7-8               
 Square.tsx      |       0 |        0 |       0 |       0 | 7-11              
 bed1.tsx        |       0 |        0 |       0 |       0 | 5-13              
 bed2.tsx        |       0 |        0 |       0 |       0 | 5-13              
 constants.ts    |       0 |      100 |     100 |       0 | 1                 
 game.ts         |       0 |        0 |       0 |       0 | 1-29              
-----------------|---------|----------|---------|---------|-------------------
Test Suites: 1 passed, 1 total
Tests:       1 passed, 1 total
Snapshots:   0 total
Time:        1.967 s
Ran all test suites.
